// Jest Snapshot v1, https://goo.gl/fbAQLP

exports[`Player component tests Player component renders as expected 1`] = `
<video
  controls={true}
/>
`;
